// Jest Snapshot v1, https://goo.gl/fbAQLP

exports[`<Todoitem/> render todoitem 1`] = `
<li>
  test1
  <span
    onClick={[Function]}
  >
       Ã—
  </span>
   
</li>
`;
